npm notice run aronno-mobile@1.0.0 npx
npm notice run expo start --clear --port 8081
env: load .env
env: export EXPO_PUBLIC_API_URL EXPO_PUBLIC_GOOGLE_CLIENT_ID EXPO_PUBLIC_CLOUDINARY_CLOUD_NAME EXPO_PUBLIC_CLOUDINARY_UPLOAD_PRESET
Starting project at C:\m
React Compiler enabled
Starting Metro Bundler
warning: Bundler cache is empty, rebuilding (this may take a minute)
Waiting on http://localhost:8081
Logs for your project will appear below.
Android F:\aronno\mobile\node_modules\expo-router\entry.js ░░░░░░░░░░░░░░░░  0.0% (0/1)
| (node:35328) Warning: The 'NO_COLOR' env is ignored due to the 'FORCE_COLOR' env being set.
| (Use `node --trace-warnings ...` to show where the warning was created)
| (node:12108) Warning: The 'NO_COLOR' env is ignored due to the 'FORCE_COLOR' env being set.
| (Use `node --trace-warnings ...` to show where the warning was created)
| (node:25744) Warning: The 'NO_COLOR' env is ignored due to the 'FORCE_COLOR' env being set.
| (Use `node --trace-warnings ...` to show where the warning was created)
| (node:15656) Warning: The 'NO_COLOR' env is ignored due to the 'FORCE_COLOR' env being set.
| (Use `node --trace-warnings ...` to show where the warning was created)
| (node:31740) Warning: The 'NO_COLOR' env is ignored due to the 'FORCE_COLOR' env being set.
| (Use `node --trace-warnings ...` to show where the warning was created)
| (node:32260) Warning: The 'NO_COLOR' env is ignored due to the 'FORCE_COLOR' env being set.
| (Use `node --trace-warnings ...` to show where the warning was created)
| (node:3152) Warning: The 'NO_COLOR' env is ignored due to the 'FORCE_COLOR' env being set.
| (Use `node --trace-warnings ...` to show where the warning was created)
| (node:3156) Warning: The 'NO_COLOR' env is ignored due to the 'FORCE_COLOR' env being set.
| (Use `node --trace-warnings ...` to show where the warning was created)
Android F:\aronno\mobile\node_modules\expo-router\entry.js ▓▓▓▓▓▓▓░░░░░░░░░ 45.2% (375/558)
Android F:\aronno\mobile\node_modules\expo-router\entry.js ▓▓▓▓▓▓▓▓▓▓░░░░░░ 67.2% ( 985/1216)
Android F:\aronno\mobile\node_modules\expo-router\entry.js ▓▓▓▓▓▓▓▓▓▓▓▓▓▓░░ 87.8% (1601/1723)
Android Bundled 12694ms F:\aronno\mobile\node_modules\expo-router\entry.js (1932 modules)
Android F:\aronno\mobile\node_modules\expo-router\entry.js ░░░░░░░░░░░░░░░░  0.0% (0/1)
Android Bundled 47ms F:\aronno\mobile\node_modules\expo-router\entry.js (1 module)
Android F:\aronno\mobile\node_modules\expo-router\entry.js ░░░░░░░░░░░░░░░░  0.0% (0/1)
Android Bundled 46ms F:\aronno\mobile\node_modules\expo-router\entry.js (1 module)

C:\m>